
> starter-template@0.0.0 build
> tsc -b && vite build

src/common/Charts/CompletedCharts/Common/BaseChartContainer.tsx(112,25): error TS2345: Argument of type 'number | undefined' is not assignable to parameter of type 'string | number'.
  Type 'undefined' is not assignable to type 'string | number'.
src/pages/client/ClientSingleProject.tsx(11,3): error TS2614: Module '"@/common/Charts/CompletedCharts/StackedBarChart/StackedBarChart"' has no exported member 'ChartData'. Did you mean to use 'import ChartData from "@/common/Charts/CompletedCharts/StackedBarChart/StackedBarChart"' instead?
src/pages/client/ProjectBuilder/Components/DefaultChartData.tsx(3,10): error TS2614: Module '"@/common/Charts/CompletedCharts/StackedBarChart/StackedBarChart"' has no exported member 'ChartData'. Did you mean to use 'import ChartData from "@/common/Charts/CompletedCharts/StackedBarChart/StackedBarChart"' instead?
