node_modules/@svar-ui/gantt-store/dist/types/DataStore.d.ts(3,32): error TS2307: Cannot find module './pro/HistoryManager' or its corresponding type declarations.
node_modules/@svar-ui/grid-store/dist/types/DataStore.d.ts(1,33): error TS2307: Cannot find module '@wx/lib-state' or its corresponding type declarations.
node_modules/@svar-ui/grid-store/dist/types/DataStore.d.ts(2,57): error TS2307: Cannot find module '@wx/lib-state' or its corresponding type declarations.
node_modules/@svar-ui/grid-store/dist/types/DataStore.d.ts(48,10): error TS1268: An index signature parameter type must be 'string', 'number', 'symbol', or a template literal type.
node_modules/@svar-ui/grid-store/dist/types/DataStore.d.ts(121,14): error TS1268: An index signature parameter type must be 'string', 'number', 'symbol', or a template literal type.
node_modules/@svar-ui/grid-store/dist/types/helpers/actionHandlers.d.ts(1,21): error TS2307: Cannot find module '@wx/lib-state' or its corresponding type declarations.
node_modules/@svar-ui/grid-store/dist/types/helpers/assignChecks.d.ts(1,26): error TS2307: Cannot find module '@wx/lib-state' or its corresponding type declarations.
node_modules/@svar-ui/grid-store/dist/types/helpers/menuOptions.d.ts(1,26): error TS2307: Cannot find module '@wx/lib-state' or its corresponding type declarations.
node_modules/@svar-ui/grid-store/dist/types/helpers/toolbarButtons.d.ts(1,26): error TS2307: Cannot find module '@wx/lib-state' or its corresponding type declarations.
node_modules/@svar-ui/grid-store/dist/types/types.d.ts(1,68): error TS2307: Cannot find module '@wx/lib-state' or its corresponding type declarations.
node_modules/@svar-ui/grid-store/dist/types/types.d.ts(31,10): error TS1268: An index signature parameter type must be 'string', 'number', 'symbol', or a template literal type.
node_modules/@svar-ui/grid-store/dist/types/types.d.ts(32,14): error TS1268: An index signature parameter type must be 'string', 'number', 'symbol', or a template literal type.
src/common/Charts/GanttChart/BasicGanttChart.tsx(10,5): error TS17004: Cannot use JSX unless the '--jsx' flag is provided.
